windowBg=windowBackgroundWhite
windowBg=windowBackgroundGray
historyPeer4UserpicBg=avatar_backgroundActionBarBlue
lightButtonBgOver=avatar_actionBarSelectorBlue
windowFg=profile_title
windowSubTextFg=avatar_subtitleInProfileBlue
historyPeer4UserpicBg=avatar_backgroundInProfileBlue
topBarBg=actionBarDefault
menuIconFg=actionBarDefaultIcon
dialogsMenuIconFg=actionBarDefaultIcon
dialogsNameFg=actionBarDefaultTitle
windowSubTextFg=actionBarDefaultSubtitle
windowBgRipple=actionBarDefaultSelector
dialogsNameFg=actionBarDefaultSearch
dialogsNameFg=actionBarDefaultSearchPlaceholder
dialogsNameFg=actionBarSearch
dialogsNameFg=actionBarSearchPlaceholder
windowBgRipple=listSelector
windowBgRipple=listSelectorSDK21
windowBg=divider
windowFg=emptyListPlaceholder
scrollBarBgOver=fastScrollActive
scrollBarBg=fastScrollInactive
windowFg=fastScrollText
historyFileThumbRadialFg=progressCircle
activeButtonFg=chats_actionIcon
activeButtonBg=chats_actionBackground
activeButtonBgRipple=chats_actionPressedBackground
historyPeerUserpicFg=avatar_text
historyPeer1UserpicBg=avatar_backgroundRed
historyPeer3UserpicBg=avatar_backgroundOrange
historyPeer5UserpicBg=avatar_backgroundViolet
historyPeer2UserpicBg=avatar_backgroundGreen
historyPeer7UserpicBg=avatar_backgroundCyan
historyPeer4UserpicBg=avatar_backgroundBlue
historyPeer6UserpicBg=avatar_backgroundPink
historyPeer1UserpicBg=avatar_backgroundActionBarRed
historyPeer3UserpicBg=avatar_backgroundActionBarOrange
historyPeer5UserpicBg=avatar_backgroundActionBarViolet
historyPeer2UserpicBg=avatar_backgroundActionBarGreen
historyPeer7UserpicBg=avatar_backgroundActionBarCyan
historyPeer4UserpicBg=avatar_backgroundActionBarBlue
historyPeer6UserpicBg=avatar_backgroundActionBarPink
historyPeer1NameFg=avatar_nameInMessageRed
historyPeer3NameFg=avatar_nameInMessageOrange
historyPeer5NameFg=avatar_nameInMessageViolet
historyPeer2NameFg=avatar_nameInMessageGreen
historyPeer7NameFg=avatar_nameInMessageCyan
historyPeer4NameFg=avatar_nameInMessageBlue
historyPeer6NameFg=avatar_nameInMessagePink
dialogsUnreadBg=chats_unreadCounter
dialogsUnreadBgMuted=chats_unreadCounterMuted
dialogsUnreadFg=chats_unreadCounterText
dialogsNameFg=chats_name
dialogsNameFg=chats_secretName
dialogsChatIconFg=chats_secretIcon
dialogsChatIconFg=chats_nameIcon
dialogsUnreadBgMuted=chats_pinnedIcon
dialogsTextFg=chats_message
dialogsTextFgService=chats_nameMessage
dialogsDraftFg=chats_draft
dialogsTextFgService=chats_attachMessage
dialogsTextFgService=chats_actionMessage
dialogsDateFg=chats_date
dialogsBgOver=chats_pinnedOverlay
whatever=chats_tabletSelectedOverlay
dialogsSentIconFg=chats_sentCheck
dialogsSendingIconFg=chats_sentClock
boxTextFgError=chats_sentError
historyReplyBg=chats_sentErrorIcon
dialogsVerifiedIconFg=chats_verifiedCheck
dialogsVerifiedIconBg=chats_verifiedBackground
dialogsChatIconFg=chats_muteIcon
dialogsChatIconFg=chat_lockIcon
mainMenuBg=chats_menuBackground
mainMenuCoverFg=chats_menuName
mainMenuCoverFg=chats_menuPhone
mainMenuCoverFg=chats_menuPhoneCats
whatever=chats_menuBackgroundCloud
mainMenuCoverFg=chats_menuCloud
msgServiceBg=chat_serviceBackground
mainMenuCoverBg=key_chats_menuTopShadow
menuIconFg=chats_menuItemIcon
windowBoldFg=chats_menuItemText
windowSubTextFg=windowBackgroundWhiteGrayText3
windowBgActive=windowBackgroundWhiteGrayIcon
windowBgActive=windowBackgroundWhiteBlueText5
windowBgActive=windowBackgroundWhiteBlueText7
whatever=windowBackgroundWhiteBlueText3
windowFg=windowBackgroundWhiteBlueText
windowBgActive=windowBackgroundWhiteBlueHeader
windowFg=windowBackgroundWhiteGrayText2
windowFg=windowBackgroundWhiteGrayText5
windowFg=windowBackgroundWhiteGrayText6
windowBg=graySection
windowFg=windowBackgroundWhiteBlackText
windowFg=windowBackgroundWhiteHintText
windowFg=windowBackgroundWhiteValueText
windowBgActive=featuredStickers_addedIcon
windowBg=windowBackgroundGrayShadow
windowSubTextFg=windowBackgroundWhiteGrayText4
windowFg=windowBackgroundWhiteGrayText
mediaPlayerBg=inappPlayerBackground
mediaPlayerActiveFg=inappPlayerPlayPause
windowFg=inappPlayerTitle
windowFg=inappPlayerPerformer
mediaPlayerActiveFg=inappPlayerClose
checkboxFg=switchThumb
checkboxFg=switchTrack
windowBgActive=switchThumbChecked
windowBgActive=switchTrackChecked
activeButtonFg=profile_actionIcon
activeButtonBg=profile_actionBackground
activeButtonBgRipple=profile_actionPressedBackground
windowFg=groupcreate_hintText
windowFg=groupcreate_cursor
whatever=groupcreate_sectionShadow
whatever=groupcreate_sectionText
windowBgActive=groupcreate_checkbox
checkboxFg=groupcreate_checkboxCheck
dialogsTextFg=groupcreate_onlineText
dialogsTextFg=groupcreate_offlineText
whatever=avatar_backgroundGroupCreateSpanBlue
whatever=groupcreate_spanBackground
whatever=groupcreate_spanText
activeButtonBgRipple=actionBarWhiteSelector
dialogsMenuIconFg=actionBarActionModeDefaultIcon
topBarBg=actionBarActionModeDefault
titleBg=actionBarActionModeDefaultTop
activeButtonBgRipple=actionBarActionModeDefaultSelector
msgInBg=chat_inBubble
msgInBgSelected=chat_inBubbleSelected
msgInShadow=chat_inBubbleShadow
msgOutBg=chat_outBubble
msgOutBgSelected=chat_outBubbleSelected
msgOutShadow=chat_outBubbleShadow
historyTextInFg=chat_messageTextIn
historyTextOutFg=chat_messageTextOut
historyLinkInFg=chat_messageLinkIn
historyLinkOutFg=chat_messageLinkOut
historyOutIconFg=chat_outSentCheck
historyOutIconFgSelected=chat_outSentCheckSelected
historySendingOutIconFg=chat_outSentClock
historySendingInvertedIconFg=chat_outSentClockSelected
historySendingInIconFg=chat_inSentClock
historySendingInvertedIconFg=chat_inSentClockSelected
historyIconFgInverted=chat_mediaSentCheck
historySendingInvertedIconFg=chat_mediaSentClock
msgDateImgFg=chat_outViews
msgDateImgFg=chat_outViewsSelected
msgDateImgFg=chat_inViews
msgDateImgFg=chat_inViewsSelected
msgDateImgFg=chat_mediaViews
lightButtonBg=chat_outMenu
lightButtonBgOver=chat_outMenuSelected
lightButtonBg=chat_inMenu
lightButtonBgOver=chat_inMenuSelected
menuBg=chat_mediaMenu
msgOutReplyBarColor=chat_outInstant
msgOutReplyBarColor=chat_outInstantSelected
msgInReplyBarColor=chat_inInstant
msgInReplyBarColor=chat_inInstantSelected
boxTextFgError=chat_sentError
historyReplyBg=chat_sentErrorIcon
msgInBgSelected=chat_selectedBackground
whatever=chat_previewDurationText
msgInReplyBarColor=chat_previewGameText
msgInReplyBarColor=chat_inPreviewInstantText
msgOutReplyBarColor=chat_outPreviewInstantText
msgInReplyBarSelColor=chat_inPreviewInstantSelectedText
msgOutReplyBarSelColor=chat_outPreviewInstantSelectedText
whatever=chat_secretTimeText
whatever=chat_stickerNameText
msgBotKbIconFg=chat_botButtonText
msgBotKbIconFg=chat_botProgress
msgInServiceFg=chat_inForwardedNameText
msgOutServiceFg=chat_outForwardedNameText
msgInServiceFg=chat_inViaBotNameText
msgOutServiceFg=chat_outViaBotNameText
whatever=chat_stickerViaBotNameText
msgInReplyBarColor=chat_inReplyLine
msgOutReplyBarColor=chat_outReplyLine
msgImgReplyBarColor=chat_stickerReplyLine
msgInServiceFg=chat_inReplyNameText
msgOutServiceFg=chat_outReplyNameText
windowBgActive=chat_stickerReplyNameText
historyTextInFg=chat_inReplyMessageText
historyTextOutFg=chat_outReplyMessageText
msgInDateFg=chat_inReplyMediaMessageText
msgOutDateFg=chat_outReplyMediaMessageText
msgInDateFgSelected=chat_inReplyMediaMessageSelectedText
msgOutDateFgSelected=chat_outReplyMediaMessageSelectedText
historyTextInFg=chat_stickerReplyMessageText
msgInReplyBarColor=chat_inPreviewLine
msgOutReplyBarColor=chat_outPreviewLine
msgInServiceFg=chat_inSiteNameText
msgOutServiceFg=chat_outSiteNameText
historyFileNameInFg=chat_inContactNameText
historyFileNameOutFg=chat_outContactNameText
mediaInFg=chat_inContactPhoneText
mediaOutFg=chat_outContactPhoneText
radialFg=chat_mediaProgress
radialFg=chat_inAudioProgress
radialFg=chat_outAudioProgress
radialFg=chat_inAudioSelectedProgress
radialFg=chat_outAudioSelectedProgress
msgDateImgFg=chat_mediaTimeText
msgInDateFg=chat_inTimeText
msgOutDateFg=chat_outTimeText
msgInDateFgSelected=chat_inTimeSelectedText
msgOutDateFgSelected=chat_outTimeSelectedText
historyFileNameInFg=chat_inAudioPerfomerText
historyFileNameOutFg=chat_outAudioPerfomerText
historyFileNameInFg=chat_inAudioTitleText
historyFileNameOutFg=chat_outAudioTitleText
mediaInFg=chat_inAudioDurationText
mediaOutFg=chat_outAudioDurationText
mediaInFgSelected=chat_inAudioDurationSelectedText
mediaOutFgSelected=chat_outAudioDurationSelectedText
mediaPlayerInactiveFg=chat_inAudioSeekbar
mediaPlayerInactiveFg=chat_outAudioSeekbar
mediaPlayerInactiveFg=chat_inAudioSeekbarSelected
mediaPlayerInactiveFg=chat_outAudioSeekbarSelected
mediaPlayerActiveFg=chat_inAudioSeekbarFill
mediaPlayerActiveFg=chat_outAudioSeekbarFill
msgWaveformInInactive=chat_inVoiceSeekbar
msgWaveformOutInactive=chat_outVoiceSeekbar
msgWaveformInInactiveSelected=chat_inVoiceSeekbarSelected
msgWaveformOutInactiveSelected=chat_outVoiceSeekbarSelected
msgWaveformInActive=chat_inVoiceSeekbarFill
msgWaveformOutActive=chat_outVoiceSeekbarFill
radialFg=chat_inFileProgress
radialFg=chat_outFileProgress
radialFg=chat_inFileProgressSelected
radialFg=chat_outFileProgressSelected
historyFileNameInFg=chat_inFileNameText
historyFileNameOutFg=chat_outFileNameText
mediaInFg=chat_inFileInfoText
mediaOutFg=chat_outFileInfoText
mediaInFgSelected=chat_inFileInfoSelectedText
mediaOutFgSelected=chat_outFileInfoSelectedText
msgInBg=chat_inFileBackground
msgOutBg=chat_outFileBackground
msgInBgSelected=chat_inFileBackgroundSelected
msgOutBgSelected=chat_outFileBackgroundSelected
whatever=chat_mediaInfoText
historyLinkInFgSelected=chat_linkSelectBackground
whatever=chat_textSelectBackground
msgFileOutBg=chat_outLoader
msgFileOutBgSelected=chat_outLoaderSelected
msgFileInBg=chat_inLoader
msgFileInBgSelected=chat_inLoaderSelected
msgDateImgBg=chat_mediaLoaderPhoto
historyFileThumbRadialFg=chat_mediaLoaderPhotoIcon
msgDateImgBgSelected=chat_mediaLoaderPhotoSelected
historyFileThumbRadialFgSelected=chat_mediaLoaderPhotoIconSelected
msgDateImgBg=chat_outLoaderPhoto
historyFileThumbRadialFg=chat_outLoaderPhotoIcon
msgDateImgBgSelected=chat_outLoaderPhotoSelected
historyFileThumbRadialFgSelected=chat_outLoaderPhotoIconSelected
msgDateImgBg=chat_inLoaderPhoto
historyFileThumbRadialFg=chat_inLoaderPhotoIcon
msgDateImgBgSelected=chat_inLoaderPhotoSelected
historyFileThumbRadialFgSelected=chat_inLoaderPhotoIconSelected
msgFileOutBg=chat_outFileIcon
msgFileOutBgSelected=chat_outFileSelectedIcon
msgFileInBg=chat_inFileIcon
msgFileInBgSelected=chat_inFileSelectedIcon
whatever=chat_outVenueNameText
whatever=chat_inVenueNameText
whatever=chat_outVenueInfoText
whatever=chat_inVenueInfoText
whatever=chat_outVenueInfoSelectedText
whatever=chat_inVenueInfoSelectedText
msgInServiceFg=chat_inContactBackground
msgFileInBg=chat_inContactIcon
msgOutServiceFg=chat_outContactBackground
msgFileOutBg=chat_outContactIcon
msginBg=chat_inLocationBackground
msgFileInBg=chat_inLocationIcon
msgOutBg=chat_outLocationBackground
msgFileOutBg=chat_outLocationIcon
historyReplyBg=chat_messagePanelBackground
historyReplyBg=chat_messagePanelShadow
historyComposeAreaFg=chat_messagePanelText
placeholderFg=chat_messagePanelHint
historySendIconFg=chat_messagePanelSend
historyComposeIconFg=chat_messagePanelIcons
historySendIconFg=chat_editDoneIcon
windowActiveTextFg=chat_messagePanelVoicePressed
historyComposeIconFg=chat_messagePanelVoiceDelete
historyComposeIconFg=chat_recordedVoiceBackground
msgServiceFg=chat_serviceText
msgServiceFg=chat_serviceLink
historyComposeAreaFg=chat_recordTime
historyComposeAreaFg=chat_recordVoiceCancel
historyComposeAreaFg=chat_messagePanelVoiceDuration
whatever=contextProgressInner1
whatever=contextProgressOuter1
historyComposeAreaFg=chat_messagePanelCancelInlineBot
attentionButtonFg=chat_recordedVoiceDot
lightButtonBgOver=chat_messagePanelVoiceBackground
windowActiveTextFg=chat_messagePanelVoiceShadow
whatever=chat_recordedVoiceProgress
whatever=chat_recordedVoiceProgressInner
whatever=chat_recordedVoicePlayPause
whatever=chat_recordedVoicePlayPausePressed
whatever=chat_emojiPanelNewTrending
emojiPanBg=chat_emojiPanelBackground
emojiPanBg=chat_emojiPanelShadowLine
emojiPanHeaderFg=chat_emojiPanelEmptyText
checkboxFg=chat_emojiPanelIcon
windowBgActive=chat_emojiPanelIconSelected
windowBgActive=chat_emojiPanelStickerPackSelector
windowBgActive=chat_emojiPanelIconSelector
checkboxFg=chat_emojiPanelBackspace
emojiPanHeaderFg=chat_emojiPanelTrendingTitle
emojiPanHeaderFg=chat_emojiPanelTrendingDescription
msgInReplyBarColor=chat_topPanelLine
windowActiveTextFg=chat_topPanelTitle
historyComposeAreaFg=chat_topPanelMessage
historyReplyCancelFg=chat_topPanelClose
historyPinnedBg=chat_topPanelBackground
whatever=chat_addContact
reportSpamFg=chat_reportSpam
historyReplyBg=chat_replyPanelLine
windowActiveTextFg=chat_replyPanelName
historyComposeAreaFg=chat_replyPanelMessage
historyReplyIconFg=chat_replyPanelIcons
historyReplyCancelFg=chat_replyPanelClose
historyComposeAreaFg=chat_searchPanelIcons
historyComposeAreaFg=chat_searchPanelText
windowActiveTextFg=chat_secretChatStatusText
historyComposeAreaFg=chat_stickersHintPanel
historyUnreadBarBg=chat_unreadMessagesStartBackground
historyUnreadBarFg=chat_unreadMessagesStartArrowIcon
historyUnreadBarFg=chat_unreadMessagesStartText
historyComposeAreaFg=chat_botSwitchToInlineText
historyComposeAreaFg=chat_inlineResultIcon
windowActiveTextFg=windowBackgroundWhiteLinkText
whatever=chat_gifSaveHintBackground
whatever=chat_gifSaveHintText
dialogsUnreadBg=chat_goDownButtonCounterBackground
dialogsUnreadFg=chat_goDownButtonCounter
historyToDownBg=chat_goDownButton
historyToDownShadow=chat_goDownButtonShadow
historyToDownFg=chat_goDownButtonIcon
windowActiveTextFg=checkbox
checkboxFg=checkboxCheck
windowFg=files_folderIcon
windowBg=files_folderIconBackground
windowBg=files_iconText
windowActiveTextFg=location_markerX
activeButtonFg=location_sendLocationIcon
activeButtonBg=location_sendLocationBackground
whatever=musicPicker_checkbox
whatever=musicPicker_checkboxCheck
whatever=musicPicker_buttonIcon
whatever=musicPicker_buttonBackground
whatever=picker_enabledButton
whatever=picker_disabledButton
whatever=picker_badgeText
whatever=picker_badge
convChatBackgroundColor=chat_wallpaper
windowActiveTextFg=dialogRadioBackground
windowSubTextFg=avatar_subtitleInProfilePink
activeButtonFg=featuredStickers_buttonText
whatever=contextProgressOuter3
windowActiveTextFg=dialogTextBlack
whatever=calls_callReceivedGreenIcon
msgFile1Bg=sharedMedia_linkPlaceholderText
whatever=sessions_devicesImage
historyPeer1UserpicBg=avatar_backgroundInProfileRed
mediaPlayerActiveFg=player_buttonActive
windowActiveTextFg=windowBackgroundWhiteGrayText7
whatever=contextProgressOuter2
windowActiveTextFg=checkboxSquareCheck
whatever=windowBackgroundWhiteRedText6
windowSubTextFg=avatar_subtitleInProfileCyan
dialogsChatIconFg=chat_muteIcon
activeButtonBgRipple=featuredStickers_delButtonPressed
windowActiveTextFg=checkboxSquareUnchecked
activeButtonBg=chats_menuCloudBackgroundCats
lightButtonBgOver=avatar_actionBarSelectorPink
whatever=dialogCheckboxSquareDisabled
windowActiveTextFg=dialogCheckboxSquareBackground
whatever=chat_mediaBroadcast
windowSubTextFg=avatar_subtitleInProfileGreen
whatever=calls_callReceivedRedIcon
whatever=chat_outBroadcast
windowBgActive=chat_emojiPanelMasksIconSelected
whatever=windowBackgroundWhiteRedText3
profileAdminStartFg=profile_creatorIcon
activeButtonBg=featuredStickers_addButton
historyPeer6UserpicBg=avatar_backgroundInProfilePink
windowActiveTextFg=radioBackground
lightButtonBgOver=avatar_actionBarSelectorOrange
windowActiveTextFg=stickers_menuSelector
dialogsVerifiedIconFg=profile_verifiedCheck
whatever=dialogTextBlue
whatever=dialogTextGray
whatever=windowBackgroundWhiteGrayLine
whatever=windowBackgroundWhiteRedText5
whatever=contextProgressInner2
windowActiveTextFg=sharedMedia_startStopLoadIcon
boxTextFgError=windowBackgroundWhiteRedText4
dialogsVerifiedIconBg=profile_verifiedBackground
windowSubTextFg=windowBackgroundWhiteGrayText8
whatever=actionBarDefaultSubmenuBackground
whatever=featuredStickers_unread
whatever=windowBackgroundWhiteBlueText2
historyPeer5UserpicBg=avatar_backgroundInProfileViolet
whatever=dialogCheckboxSquareUnchecked
activeButtonBg=featuredStickers_delButton
whatever=windowBackgroundWhiteBlueText6
lightButtonBgOver=avatar_actionBarSelectorRed
whatever=dialogCheckboxSquareCheck
activeButtonBgRipple=featuredStickers_addButtonPressed
windowActiveTextFg=windowBackgroundWhiteGreenText2
mediaPlayerActiveFg=player_button
windowActiveTextFg=changephoneinfo_image
windowActiveTextFg=stickers_menu
windowSubTextFg=avatar_subtitleInProfileViolet
lightButtonBgOver=avatar_actionBarSelectorViolet
historyPeer2UserpicBg=avatar_backgroundInProfileGreen
windowSubTextFg=avatar_subtitleInProfileOrange
sharedMedia=sharedMedia_linkPlaceholder
historyPeer3UserpicBg=avatar_backgroundInProfileOrange
lightButtonBgOver=avatar_actionBarSelectorCyan
windowActiveTextFg=actionBarDefaultSubmenuItem
profileAdminStartFg=profile_adminIcon
whatever=windowBackgroundWhiteRedText
windowActiveTextFg=windowBackgroundWhiteRedText2
whatever=checkboxSquareDisabled
whatever=dialogRadioBackgroundChecked
whatever=login_progressInner
boxTextFgGood=windowBackgroundWhiteGreenText
windowActiveTextFg=dialogIcon
windowActiveTextFg=windowBackgroundWhiteBlueText4
whatever=login_progressOuter
lightButtonBgOver=avatar_actionBarSelectorGreen
whatever=checkboxSquareBackground
whatever=chat_emojiPanelMasksIcon
activeButtonBg=featuredStickers_buttonProgress
windowSubTextFg=avatar_subtitleInProfileRed
menuBg=dialogBackground
whatever=contextProgressInner3
historyPeer7UserpicBg=avatar_backgroundInProfileCyan
windowActiveTextFg=windowBackgroundWhiteLinkSelection
windowActiveTextFg=radioBackgroundChecked
whatever=chat_fieldOverlayText
historyPeer1UserpicBg=avatar_actionBarIconRed
historyPeer3UserpicBg=avatar_actionBarIconOrange
historyPeer5UserpicBg=avatar_actionBarIconViolet
historyPeer2UserpicBg=avatar_actionBarIconGreen
historyPeer7UserpicBg=avatar_actionBarIconCyan
historyPeer4UserpicBg=avatar_actionBarIconBlue
historyPeer6UserpicBg=avatar_actionBarIconPink
