actionBarActionModeDefaultIcon=dialogsMenuIconFg
actionBarActionModeDefaultSelector=lightButtonBgOver
actionBarActionModeDefault=topBarBg
actionBarActionModeDefaultTop=titleBg
actionBarDefaultIcon=dialogsMenuIconFg
actionBarDefaultSearch=dialogsNameFg
actionBarDefaultSearchPlaceholder=dialogsNameFg
actionBarDefaultSelector=lightButtonBgOver
actionBarDefaultSubmenuBackground=whatever
actionBarDefaultSubmenuItem=windowActiveTextFg
actionBarDefaultSubtitle=windowSubTextFg
actionBarDefaultTitle=dialogsNameFg
actionBarDefault=topBarBg
actionBarSearch=dialogsNameFg
actionBarSearchPlaceholder=dialogsNameFg
actionBarWhiteSelector=lightButtonBgOver
avatar_actionBarIconBlue=dialogsMenuIconFg
avatar_actionBarIconCyan=dialogsMenuIconFg
avatar_actionBarIconGreen=dialogsMenuIconFg
avatar_actionBarIconOrange=dialogsMenuIconFg
avatar_actionBarIconPink=dialogsMenuIconFg
avatar_actionBarIconRed=dialogsMenuIconFg
avatar_actionBarIconViolet=dialogsMenuIconFg
avatar_actionBarSelectorBlue=lightButtonBgOver
avatar_actionBarSelectorCyan=lightButtonBgOver
avatar_actionBarSelectorGreen=lightButtonBgOver
avatar_actionBarSelectorOrange=lightButtonBgOver
avatar_actionBarSelectorPink=lightButtonBgOver
avatar_actionBarSelectorRed=lightButtonBgOver
avatar_actionBarSelectorViolet=lightButtonBgOver
avatar_backgroundActionBarBlue=topBarBg
avatar_backgroundActionBarBlue=topBarBg
avatar_backgroundActionBarCyan=topBarBg
avatar_backgroundActionBarGreen=topBarBg
avatar_backgroundActionBarOrange=topBarBg
avatar_backgroundActionBarPink=topBarBg
avatar_backgroundActionBarRed=topBarBg
avatar_backgroundActionBarViolet=topBarBg
avatar_backgroundBlue=historyPeer4UserpicBg
avatar_backgroundCyan=historyPeer7UserpicBg
avatar_backgroundGreen=historyPeer2UserpicBg
avatar_backgroundGroupCreateSpanBlue=historyPeer4UserpicBg
avatar_backgroundInProfileBlue=historyPeer4UserpicBg
avatar_backgroundInProfileCyan=historyPeer7UserpicBg
avatar_backgroundInProfileGreen=historyPeer2UserpicBg
avatar_backgroundInProfileOrange=historyPeer3UserpicBg
avatar_backgroundInProfilePink=historyPeer6UserpicBg
avatar_backgroundInProfileRed=historyPeer1UserpicBg
avatar_backgroundInProfileViolet=historyPeer5UserpicBg
avatar_backgroundOrange=historyPeer3UserpicBg
avatar_backgroundPink=historyPeer6UserpicBg
avatar_backgroundRed=historyPeer1UserpicBg
avatar_backgroundViolet=historyPeer5UserpicBg
avatar_nameInMessageBlue=historyPeer4NameFg
avatar_nameInMessageCyan=historyPeer7NameFg
avatar_nameInMessageGreen=historyPeer2NameFg
avatar_nameInMessageOrange=historyPeer3NameFg
avatar_nameInMessagePink=historyPeer6NameFg
avatar_nameInMessageRed=historyPeer1NameFg
avatar_nameInMessageViolet=historyPeer5NameFg
avatar_subtitleInProfileBlue=windowSubTextFg
avatar_subtitleInProfileCyan=windowSubTextFg
avatar_subtitleInProfileGreen=windowSubTextFg
avatar_subtitleInProfileOrange=windowSubTextFg
avatar_subtitleInProfilePink=windowSubTextFg
avatar_subtitleInProfileRed=windowSubTextFg
avatar_subtitleInProfileViolet=windowSubTextFg
avatar_text=historyPeerUserpicFg
calls_callReceivedGreenIcon=whatever
calls_callReceivedRedIcon=whatever
changephoneinfo_image=windowActiveTextFg
chat_addContact=whatever
chat_botButtonText=msgBotKbIconFg
chat_botKeyboardButtonBackgroundPressed=windowBgRipple
chat_botKeyboardButtonBackground=menuBgOver
chat_botKeyboardButtonText=windowBoldFgOver
chat_botProgress=msgBotKbIconFg
chat_botSwitchToInlineText=historyComposeAreaFg
chat_editDoneIcon=historySendIconFg
chat_emojiPanelBackground=emojiPanBg
chat_emojiPanelBackspace=windowBgActive
chat_emojiPanelEmptyText=emojiPanHeaderFg
chat_emojiPanelIcon=checkboxFg
chat_emojiPanelIconSelected=windowBgActive
chat_emojiPanelIconSelector=windowBgActive
chat_emojiPanelMasksIcon=checkboxFg
chat_emojiPanelMasksIconSelected=windowBgActive
chat_emojiPanelNewTrending=windowBgActive
chat_emojiPanelShadowLine=emojiPanBg
chat_emojiPanelStickerPackSelector=windowBgActive
chat_emojiPanelTrendingDescription=emojiPanHeaderFg
chat_emojiPanelTrendingTitle=emojiPanHeaderFg
chat_fieldOverlayText=windowActiveTextFg
chat_gifSaveHintBackground=tooltipFg
chat_gifSaveHintText=tooltipBg
chat_goDownButtonCounterBackground=dialogsUnreadBg
chat_goDownButtonCounter=dialogsUnreadFg
chat_goDownButton=historyToDownBg
chat_goDownButtonIcon=historyToDownFg
chat_goDownButtonShadow=historyToDownShadow
chat_inAudioDurationSelectedText=mediaInFgSelected
chat_inAudioDurationText=mediaInFg
chat_inAudioPerfomerText=historyFileNameInFg
chat_inAudioProgress=radialFg
chat_inAudioSeekbarFill=mediaPlayerActiveFg
chat_inAudioSeekbar=mediaPlayerInactiveFg
chat_inAudioSeekbarSelected=mediaPlayerInactiveFg
chat_inAudioSelectedProgress=radialFg
chat_inAudioTitleText=historyFileNameInFg
chat_inBubble=msgInBg
chat_inBubbleSelected=msgInBgSelected
chat_inBubbleShadow=msgInShadow
chat_inContactBackground=msgInServiceFg
chat_inContactIcon=msgFileInBg
chat_inContactNameText=historyFileNameInFg
chat_inContactPhoneText=mediaInFg
chat_inFileBackground=msgInBg
chat_inFileBackgroundSelected=msgInBgSelected
chat_inFileIcon=msgFileInBg
chat_inFileInfoSelectedText=mediaInFgSelected
chat_inFileInfoText=mediaInFg
chat_inFileNameText=historyFileNameInFg
chat_inFileProgress=radialFg
chat_inFileProgressSelected=radialFg
chat_inFileSelectedIcon=msgFileInBgSelected
chat_inForwardedNameText=msgInServiceFg
chat_inInstant=msgInReplyBarColor
chat_inInstantSelected=msgInReplyBarColor
chat_inlineResultIcon=historyComposeAreaFg
chat_inLoader=msgFileInBg
chat_inLoaderPhotoIcon=historyFileThumbRadialFg
chat_inLoaderPhotoIconSelected=historyFileThumbRadialFgSelected
chat_inLoaderPhoto=msgDateImgBg
chat_inLoaderPhotoSelected=msgDateImgBgSelected
chat_inLoaderSelected=msgFileInBgSelected
chat_inLocationBackground=msginBg
chat_inLocationIcon=msgFileInBg
chat_inMenu=historyLinkInFg
chat_inMenuSelected=historyLinkInFgSelected
chat_inPreviewInstantSelectedText=msgInReplyBarSelColor
chat_inPreviewInstantText=msgInReplyBarColor
chat_inPreviewLine=msgInReplyBarColor
chat_inReplyLine=msgInReplyBarColor
chat_inReplyMediaMessageSelectedText=msgInDateFgSelected
chat_inReplyMediaMessageText=msgInDateFg
chat_inReplyMessageText=historyTextInFg
chat_inReplyNameText=msgInServiceFg
chat_inSentClock=historySendingInIconFg
chat_inSentClockSelected=historySendingInvertedIconFg
chat_inSiteNameText=msgInServiceFg
chat_inTimeSelectedText=msgInDateFgSelected
chat_inTimeText=msgInDateFg
chat_inVenueInfoSelectedText=whatever
chat_inVenueInfoText=whatever
chat_inVenueNameText=whatever
chat_inViaBotNameText=msgInServiceFg
chat_inViews=msgDateImgFg
chat_inViewsSelected=msgDateImgFg
chat_inVoiceSeekbarFill=msgWaveformInActive
chat_inVoiceSeekbar=msgWaveformInInactive
chat_inVoiceSeekbarSelected=msgWaveformInInactiveSelected
chat_linkSelectBackground=historyLinkInFgSelected
chat_lockIcon=dialogsChatIconFg
chat_mediaBroadcast=whatever
chat_mediaInfoText=msgInReplyBarColor
chat_mediaLoaderPhotoIcon=historyFileThumbRadialFg
chat_mediaLoaderPhotoIconSelected=historyFileThumbRadialFgSelected
chat_mediaLoaderPhoto=msgDateImgBg
chat_mediaLoaderPhotoSelected=msgDateImgBgSelected
chat_mediaMenu=windowActiveTextFg
chat_mediaProgress=radialFg
chat_mediaSentCheck=historyIconFgInverted
chat_mediaSentClock=historySendingInvertedIconFg
chat_mediaTimeText=msgDateImgFg
chat_mediaViews=msgDateImgFg
chat_messageLinkIn=historyLinkInFg
chat_messageLinkOut=historyLinkOutFg
chat_messagePanelBackground=historyReplyBg
chat_messagePanelCancelInlineBot=historyComposeAreaFg
chat_messagePanelHint=placeholderFg
chat_messagePanelIcons=historyComposeIconFg
chat_messagePanelSend=historySendIconFg
chat_messagePanelShadow=historyReplyBg
chat_messagePanelText=historyComposeAreaFg
chat_messagePanelVoiceBackground=lightButtonBgOver
chat_messagePanelVoiceDelete=historyComposeIconFg
chat_messagePanelVoiceDuration=historyComposeAreaFg
chat_messagePanelVoicePressed=windowActiveTextFg
chat_messagePanelVoiceShadow=windowActiveTextFg
chat_messageTextIn=historyTextInFg
chat_messageTextOut=historyTextOutFg
chat_muteIcon=dialogsChatIconFg
chat_outAudioDurationSelectedText=mediaOutFgSelected
chat_outAudioDurationText=mediaOutFg
chat_outAudioPerfomerText=historyFileNameOutFg
chat_outAudioProgress=radialFg
chat_outAudioSeekbarFill=mediaPlayerActiveFg
chat_outAudioSeekbar=mediaPlayerInactiveFg
chat_outAudioSeekbarSelected=mediaPlayerInactiveFg
chat_outAudioSelectedProgress=radialFg
chat_outAudioTitleText=historyFileNameOutFg
chat_outBroadcast=whatever
chat_outBubble=msgOutBg
chat_outBubbleSelected=msgOutBgSelected
chat_outBubbleShadow=msgOutShadow
chat_outContactBackground=msgOutServiceFg
chat_outContactIcon=msgFileOutBg
chat_outContactNameText=historyFileNameOutFg
chat_outContactPhoneText=mediaOutFg
chat_outFileBackground=msgOutBg
chat_outFileBackgroundSelected=msgOutBgSelected
chat_outFileIcon=msgFileOutBg
chat_outFileInfoSelectedText=mediaOutFgSelected
chat_outFileInfoText=mediaOutFg
chat_outFileNameText=historyFileNameOutFg
chat_outFileProgress=radialFg
chat_outFileProgressSelected=radialFg
chat_outFileSelectedIcon=msgFileOutBgSelected
chat_outForwardedNameText=msgOutServiceFg
chat_outInstant=msgOutReplyBarColor
chat_outInstantSelected=msgOutReplyBarColor
chat_outLoader=msgFileOutBg
chat_outLoaderPhotoIcon=historyFileThumbRadialFg
chat_outLoaderPhotoIconSelected=historyFileThumbRadialFgSelected
chat_outLoaderPhoto=msgDateImgBg
chat_outLoaderPhotoSelected=msgDateImgBgSelected
chat_outLoaderSelected=msgFileOutBgSelected
chat_outLocationBackground=msgOutBg
chat_outLocationIcon=msgFileOutBg
chat_outMenu=historyLinkOutFg
chat_outMenuSelected=historyLinkOutFgSelected
chat_outPreviewInstantSelectedText=msgOutReplyBarSelColor
chat_outPreviewInstantText=msgOutReplyBarColor
chat_outPreviewLine=msgOutReplyBarColor
chat_outReplyLine=msgOutReplyBarColor
chat_outReplyMediaMessageSelectedText=msgOutDateFgSelected
chat_outReplyMediaMessageText=msgOutDateFg
chat_outReplyMessageText=historyTextOutFg
chat_outReplyNameText=msgOutServiceFg
chat_outSentCheck=historyOutIconFg
chat_outSentCheckSelected=historyOutIconFgSelected
chat_outSentClock=historySendingOutIconFg
chat_outSentClockSelected=historySendingInvertedIconFg
chat_outSiteNameText=msgOutServiceFg
chat_outTimeSelectedText=msgOutDateFgSelected
chat_outTimeText=msgOutDateFg
chat_outVenueInfoSelectedText=whatever
chat_outVenueInfoText=whatever
chat_outVenueNameText=whatever
chat_outViaBotNameText=msgOutServiceFg
chat_outViews=msgDateImgFg
chat_outViewsSelected=msgDateImgFg
chat_outVoiceSeekbarFill=msgWaveformOutActive
chat_outVoiceSeekbar=msgWaveformOutInactive
chat_outVoiceSeekbarSelected=msgWaveformOutInactiveSelected
chat_previewDurationText=msgInReplyBarColor
chat_previewGameText=msgOutReplyBarColor
chat_recordedVoiceBackground=historyComposeIconFg
chat_recordedVoiceDot=attentionButtonFg
chat_recordedVoicePlayPausePressed=whatever
chat_recordedVoicePlayPause=whatever
chat_recordedVoiceProgressInner=whatever
chat_recordedVoiceProgress=whatever
chat_recordTime=historyComposeAreaFg
chat_recordVoiceCancel=historyComposeAreaFg
chat_replyPanelClose=historyReplyCancelFg
chat_replyPanelIcons=historyReplyIconFg
chat_replyPanelLine=historyReplyBg
chat_replyPanelMessage=historyComposeAreaFg
chat_replyPanelName=windowActiveTextFg
chat_reportSpam=reportSpamFg
chats_actionBackground=activeButtonBg
chats_actionIcon=activeButtonFg
chats_actionMessage=dialogsTextFgService
chats_actionPressedBackground=activeButtonBgRipple
chats_attachMessage=dialogsTextFgService
chats_date=dialogsDateFg
chats_draft=dialogsDraftFg
chat_searchPanelIcons=historyComposeAreaFg
chat_searchPanelText=historyComposeAreaFg
chat_secretChatStatusText=windowActiveTextFg
chat_secretTimeText=whatever
chat_selectedBackground=msgInBgSelected
chat_sentError=boxTextFgError
chat_sentErrorIcon=historyReplyBg
chat_serviceBackground=msgServiceBg
chat_serviceLink=msgServiceFg
chat_serviceText=msgServiceFg
chats_menuBackground=mainMenuBg
chats_menuCloudBackgroundCats=activeButtonBg
chats_menuCloud=activeButtonFg
chats_menuItemIcon=menuIconFg
chats_menuItemText=windowBoldFg
chats_menuName=dialogsNameFg
chats_menuPhoneCats=windowSubTextFg
chats_menuPhone=windowSubTextFg
chats_message=dialogsTextFg
chats_muteIcon=dialogsChatIconFg
chats_name=dialogsNameFg
chats_nameIcon=dialogsChatIconFg
chats_nameMessage=dialogsTextFgService
chats_pinnedIcon=dialogsUnreadBgMuted
chats_pinnedOverlay=dialogsBgOver
chats_secretIcon=dialogsChatIconFg
chats_secretName=dialogsNameFg
chats_sentCheck=dialogsSentIconFg
chats_sentClock=dialogsSendingIconFg
chats_sentError=boxTextFgError
chats_sentErrorIcon=historyReplyBg
chats_tabletSelectedOverlay=dialogsBgActive
chat_stickerNameText=whatever
chat_stickerReplyLine=msgImgReplyBarColor
chat_stickerReplyMessageText=historyTextInFg
chat_stickerReplyNameText=windowBgActive
chat_stickersHintPanel=historyComposeAreaFg
chat_stickerViaBotNameText=whatever
chats_unreadCounter=dialogsUnreadBg
chats_unreadCounterMuted=dialogsUnreadBgMuted
chats_unreadCounterText=dialogsUnreadFg
chats_verifiedBackground=dialogsVerifiedIconBg
chats_verifiedCheck=dialogsVerifiedIconFg
chat_textSelectBackground=whatever
chat_topPanelBackground=historyPinnedBg
chat_topPanelClose=historyReplyCancelFg
chat_topPanelLine=msgInReplyBarColor
chat_topPanelMessage=historyComposeAreaFg
chat_topPanelTitle=windowActiveTextFg
chat_unreadMessagesStartArrowIcon=historyUnreadBarFg
chat_unreadMessagesStartBackground=historyUnreadBarBg
chat_unreadMessagesStartText=historyUnreadBarFg
chat_wallpaper=convChatBackgroundColor
checkboxCheck=menuBg
checkboxSquareBackground=windowBgActive
checkboxSquareCheck=menuBg
checkboxSquareDisabled=checkboxFg
checkboxSquareUnchecked=checkboxFg
checkbox=windowBgActive
contextProgressInner1=historyComposeAreaFg
contextProgressInner2=topBarBg
contextProgressInner3=whatever
contextProgressOuter1=historyComposeAreaFg
contextProgressOuter2=topBarBg
contextProgressOuter3=whatever
dialogBackground=menuBg
dialogCheckboxSquareBackground=windowBgActive
dialogCheckboxSquareCheck=whatever
dialogCheckboxSquareDisabled=whatever
dialogCheckboxSquareUnchecked=whatever
dialogIcon=windowActiveTextFg
dialogRadioBackgroundChecked=whatever
dialogRadioBackground=windowBgActive
dialogTextBlack=windowFg
dialogTextBlue=windowActiveTextFg
dialogTextGray=windowFg
divider=windowBg
emptyListPlaceholder=windowFg
fastScrollActive=scrollBarBgOver
fastScrollInactive=scrollBarBg
fastScrollText=windowBg
featuredStickers_addButton=activeButtonBg
featuredStickers_addButtonPressed=activeButtonBgRipple
featuredStickers_addedIcon=windowBgActive
featuredStickers_buttonProgress=activeButtonBg
featuredStickers_buttonText=activeButtonFg
featuredStickers_delButton=activeButtonBg
featuredStickers_delButtonPressed=activeButtonBgRipple
featuredStickers_unread=windowActiveTextFg
files_folderIcon=activeButtonFg
files_folderIconBackground=activeButtonBg
files_iconText=windowBg
graySection=windowBg
groupcreate_checkboxCheck=checkboxFg
groupcreate_checkbox=windowBgActive
groupcreate_cursor=windowFg
groupcreate_hintText=windowFg
groupcreate_offlineText=dialogsTextFg
groupcreate_onlineText=dialogsTextFg
groupcreate_sectionShadow=windowBg
groupcreate_sectionText=windowActiveTextFg
groupcreate_spanBackground=activeButtonBg
groupcreate_spanText=activeButtonFg
inappPlayerBackground=mediaPlayerBg
inappPlayerClose=mediaPlayerActiveFg
inappPlayerPerformer=windowFg
inappPlayerPlayPause=mediaPlayerActiveFg
inappPlayerTitle=windowFg
key_chats_menuTopShadow=mainMenuCoverBg
listSelectorSDK21=windowBgRipple
listSelector=windowBgRipple
location_markerX=windowActiveTextFg
location_sendLocationBackground=activeButtonBg
location_sendLocationIcon=activeButtonFg
login_progressInner=whatever
login_progressOuter=whatever
musicPicker_buttonBackground=activeButtonBg
musicPicker_buttonIcon=activeButtonFg
musicPicker_checkboxCheck=windowBg
musicPicker_checkbox=windowBgActive
picker_badgeText=menuBg
picker_badge=windowBgActive
picker_disabledButton=menuFgDisabled
picker_enabledButton=windowFg
player_buttonActive=mediaPlayerActiveFg
player_button=mediaPlayerActiveFg
profile_actionBackground=activeButtonBg
profile_actionIcon=activeButtonFg
profile_actionPressedBackground=activeButtonBgRipple
profile_adminIcon=profileAdminStartFg
profile_creatorIcon=profileAdminStartFg
profile_title=windowFg
profile_verifiedBackground=dialogsVerifiedIconBg
profile_verifiedCheck=dialogsVerifiedIconFg
progressCircle=historyFileThumbRadialFg
radioBackgroundChecked=windowActiveTextFg
radioBackground=windowBgActive
sessions_devicesImage=windowActiveTextFg
sharedMedia_linkPlaceholder=sharedMedia
sharedMedia_linkPlaceholderText=msgFile1Bg
sharedMedia_startStopLoadIcon=windowActiveTextFg
stickers_menuSelector=windowActiveTextFg
stickers_menu=windowActiveTextFg
switchThumb=checkboxFg
switchThumbChecked=windowBgActive
switchTrack=checkboxFg
switchTrackChecked=windowBgActive
windowBackgroundGrayShadow=windowBg
windowBackgroundGray=windowBg
windowBackgroundWhiteBlackText=windowActiveTextFg
windowBackgroundWhiteBlueHeader=windowActiveTextFg
windowBackgroundWhiteBlueText2=windowActiveTextFg
windowBackgroundWhiteBlueText3=windowActiveTextFg
windowBackgroundWhiteBlueText4=windowActiveTextFg
windowBackgroundWhiteBlueText5=windowActiveTextFg
windowBackgroundWhiteBlueText6=windowActiveTextFg
windowBackgroundWhiteBlueText7=windowActiveTextFg
windowBackgroundWhiteBlueText=windowActiveTextFg
windowBackgroundWhiteGrayIcon=activeButtonFg
windowBackgroundWhiteGrayLine=windowSubTextFg
windowBackgroundWhiteGrayText2=windowSubTextFg
windowBackgroundWhiteGrayText3=windowSubTextFg
windowBackgroundWhiteGrayText4=windowSubTextFg
windowBackgroundWhiteGrayText5=windowSubTextFg
windowBackgroundWhiteGrayText6=windowSubTextFg
windowBackgroundWhiteGrayText7=windowSubTextFg
windowBackgroundWhiteGrayText8=windowSubTextFg
windowBackgroundWhiteGrayText=windowSubTextFg
windowBackgroundWhiteGreenText2=boxTextFgGood
windowBackgroundWhiteGreenText=boxTextFgGood
windowBackgroundWhiteHintText=windowFg
windowBackgroundWhiteLinkSelection=windowActiveTextFg
windowBackgroundWhiteLinkText=windowActiveTextFg
windowBackgroundWhiteRedText2=boxTextFgError
windowBackgroundWhiteRedText3=boxTextFgError
windowBackgroundWhiteRedText4=boxTextFgError
windowBackgroundWhiteRedText5=boxTextFgError
windowBackgroundWhiteRedText6=boxTextFgError
windowBackgroundWhiteRedText=boxTextFgError
windowBackgroundWhiteValueText=windowFg
windowBackgroundWhite=windowBg
